  Determinando os projetos a serem restaurados...
  Todos os projetos est├úo atualizados para restaura├º├úo.
  Domain -> C:\dev\Projetos_pessoais\family-finance\Domain\bin\Debug\net10.0\Domain.dll
  Domain.Tests -> C:\dev\Projetos_pessoais\family-finance\Domain.Tests\bin\Debug\net10.0\Domain.Tests.dll
C:\dev\Projetos_pessoais\family-finance\Application\Wallets\UseCases\GetFamilyWallets\GetFamilyWalletsQuery.cs(7,15): warning MSG0005: MediatorGenerator found message without any registered handler: Application.Wallets.UseCases.GetFamilyWallets.GetFamilyWalletsQuery [C:\dev\Projetos_pessoais\family-finance\Application\Application.csproj]
C:\dev\Projetos_pessoais\family-finance\Application\Categories\UseCases\GetCategories\GetCategoriesHandler.cs(42,23): warning CS8073: O resultado da express├úo ├® sempre 'true', pois um valor do tipo 'Guid' nunca ├® igual a "null" do tipo 'Guid?' [C:\dev\Projetos_pessoais\family-finance\Application\Application.csproj]
C:\dev\Projetos_pessoais\family-finance\Application\Wallets\UseCases\GetMyTransactions\GetMyTransactionsHandler.cs(26,15): error CS1061: ÔÇÿTransactionÔÇÖ n├úo cont├®m uma defini├º├úo para "Category" e n├úo foi poss├¡vel encontrar nenhum m├®todo de extens├úo "Category" que aceite um primeiro argumento do tipo ÔÇÿTransactionÔÇÖ (voc├¬ est├í se esquecendo de usar uma diretiva ou uma refer├¬ncia de assembly?) [C:\dev\Projetos_pessoais\family-finance\Application\Application.csproj]

FALHA da compila├º├úo.

C:\dev\Projetos_pessoais\family-finance\Application\Wallets\UseCases\GetFamilyWallets\GetFamilyWalletsQuery.cs(7,15): warning MSG0005: MediatorGenerator found message without any registered handler: Application.Wallets.UseCases.GetFamilyWallets.GetFamilyWalletsQuery [C:\dev\Projetos_pessoais\family-finance\Application\Application.csproj]
C:\dev\Projetos_pessoais\family-finance\Application\Categories\UseCases\GetCategories\GetCategoriesHandler.cs(42,23): warning CS8073: O resultado da express├úo ├® sempre 'true', pois um valor do tipo 'Guid' nunca ├® igual a "null" do tipo 'Guid?' [C:\dev\Projetos_pessoais\family-finance\Application\Application.csproj]
C:\dev\Projetos_pessoais\family-finance\Application\Wallets\UseCases\GetMyTransactions\GetMyTransactionsHandler.cs(26,15): error CS1061: ÔÇÿTransactionÔÇÖ n├úo cont├®m uma defini├º├úo para "Category" e n├úo foi poss├¡vel encontrar nenhum m├®todo de extens├úo "Category" que aceite um primeiro argumento do tipo ÔÇÿTransactionÔÇÖ (voc├¬ est├í se esquecendo de usar uma diretiva ou uma refer├¬ncia de assembly?) [C:\dev\Projetos_pessoais\family-finance\Application\Application.csproj]
    2 Aviso(s)
    1 Erro(s)

Tempo Decorrido 00:00:05.29
