  Determinando os projetos a serem restaurados...
  Todos os projetos est├úo atualizados para restaura├º├úo.
  Domain -> C:\dev\Projetos_pessoais\family-finance\Domain\bin\Debug\net10.0\Domain.dll
  Application -> C:\dev\Projetos_pessoais\family-finance\Application\bin\Debug\net10.0\Application.dll
C:\dev\Projetos_pessoais\family-finance\Application.Tests\Categories\UseCases\CreateCategory\CreateCategoryValidatorTests.cs(15,27): error CS7036: N├úo h├í nenhum argumento fornecido que corresponda ao par├ómetro necess├írio 'FamilyId' de 'CreateCategoryCommand.CreateCategoryCommand(string, CategoryType, Guid, Guid?)' [C:\dev\Projetos_pessoais\family-finance\Application.Tests\Application.Tests.csproj]
C:\dev\Projetos_pessoais\family-finance\Application.Tests\Categories\UseCases\CreateCategory\CreateCategoryValidatorTests.cs(23,27): error CS7036: N├úo h├í nenhum argumento fornecido que corresponda ao par├ómetro necess├írio 'FamilyId' de 'CreateCategoryCommand.CreateCategoryCommand(string, CategoryType, Guid, Guid?)' [C:\dev\Projetos_pessoais\family-finance\Application.Tests\Application.Tests.csproj]
C:\dev\Projetos_pessoais\family-finance\Application.Tests\Categories\UseCases\CreateCategory\CreateCategoryValidatorTests.cs(31,27): error CS7036: N├úo h├í nenhum argumento fornecido que corresponda ao par├ómetro necess├írio 'FamilyId' de 'CreateCategoryCommand.CreateCategoryCommand(string, CategoryType, Guid, Guid?)' [C:\dev\Projetos_pessoais\family-finance\Application.Tests\Application.Tests.csproj]
C:\dev\Projetos_pessoais\family-finance\Application.Tests\Categories\UseCases\DeleteCategory\DeleteCategoryHandlerTests.cs(45,46): error CS1061: ÔÇÿICategoryRepositoryÔÇÖ n├úo cont├®m uma defini├º├úo para "GetByIdAsync" e n├úo foi poss├¡vel encontrar nenhum m├®todo de extens├úo "GetByIdAsync" que aceite um primeiro argumento do tipo ÔÇÿICategoryRepositoryÔÇÖ (voc├¬ est├í se esquecendo de usar uma diretiva ou uma refer├¬ncia de assembly?) [C:\dev\Projetos_pessoais\family-finance\Application.Tests\Application.Tests.csproj]
C:\dev\Projetos_pessoais\family-finance\Application.Tests\Categories\UseCases\CreateCategory\CreateCategoryHandlerTests.cs(25,24): error CS1729: "CreateCategoryHandler" n├úo cont├®m um construtor que aceita 3 argumentos [C:\dev\Projetos_pessoais\family-finance\Application.Tests\Application.Tests.csproj]
C:\dev\Projetos_pessoais\family-finance\Application.Tests\Categories\UseCases\GetCategories\GetCategoriesHandlerTests.cs(39,17): error CS7036: N├úo h├í nenhum argumento fornecido que corresponda ao par├ómetro necess├írio 'familyId' de 'Category.Category(string, CategoryType, Guid, Guid?)' [C:\dev\Projetos_pessoais\family-finance\Application.Tests\Application.Tests.csproj]
C:\dev\Projetos_pessoais\family-finance\Application.Tests\Categories\UseCases\UpdateCategory\UpdateCategoryHandlerTests.cs(48,46): error CS1061: ÔÇÿICategoryRepositoryÔÇÖ n├úo cont├®m uma defini├º├úo para "GetByIdAsync" e n├úo foi poss├¡vel encontrar nenhum m├®todo de extens├úo "GetByIdAsync" que aceite um primeiro argumento do tipo ÔÇÿICategoryRepositoryÔÇÖ (voc├¬ est├í se esquecendo de usar uma diretiva ou uma refer├¬ncia de assembly?) [C:\dev\Projetos_pessoais\family-finance\Application.Tests\Application.Tests.csproj]
C:\dev\Projetos_pessoais\family-finance\Application.Tests\Categories\UseCases\CreateCategory\CreateCategoryHandlerTests.cs(37,27): error CS7036: N├úo h├í nenhum argumento fornecido que corresponda ao par├ómetro necess├írio 'FamilyId' de 'CreateCategoryCommand.CreateCategoryCommand(string, CategoryType, Guid, Guid?)' [C:\dev\Projetos_pessoais\family-finance\Application.Tests\Application.Tests.csproj]
C:\dev\Projetos_pessoais\family-finance\Application.Tests\Categories\UseCases\UpdateCategory\UpdateCategoryHandlerTests.cs(67,78): error CS1503: Argumento 3: n├úo ├® poss├¡vel converter de "<nulo>" para "System.Guid" [C:\dev\Projetos_pessoais\family-finance\Application.Tests\Application.Tests.csproj]
C:\dev\Projetos_pessoais\family-finance\Application.Tests\Categories\UseCases\UpdateCategory\UpdateCategoryHandlerTests.cs(74,46): error CS1061: ÔÇÿICategoryRepositoryÔÇÖ n├úo cont├®m uma defini├º├úo para "GetByIdAsync" e n├úo foi poss├¡vel encontrar nenhum m├®todo de extens├úo "GetByIdAsync" que aceite um primeiro argumento do tipo ÔÇÿICategoryRepositoryÔÇÖ (voc├¬ est├í se esquecendo de usar uma diretiva ou uma refer├¬ncia de assembly?) [C:\dev\Projetos_pessoais\family-finance\Application.Tests\Application.Tests.csproj]
C:\dev\Projetos_pessoais\family-finance\Application.Tests\Categories\UseCases\DeleteCategory\DeleteCategoryHandlerTests.cs(73,46): error CS1061: ÔÇÿICategoryRepositoryÔÇÖ n├úo cont├®m uma defini├º├úo para "GetByIdAsync" e n├úo foi poss├¡vel encontrar nenhum m├®todo de extens├úo "GetByIdAsync" que aceite um primeiro argumento do tipo ÔÇÿICategoryRepositoryÔÇÖ (voc├¬ est├í se esquecendo de usar uma diretiva ou uma refer├¬ncia de assembly?) [C:\dev\Projetos_pessoais\family-finance\Application.Tests\Application.Tests.csproj]
C:\dev\Projetos_pessoais\family-finance\Application.Tests\Categories\UseCases\CreateCategory\CreateCategoryHandlerTests.cs(66,46): error CS1061: ÔÇÿICategoryRepositoryÔÇÖ n├úo cont├®m uma defini├º├úo para "GetByIdAsync" e n├úo foi poss├¡vel encontrar nenhum m├®todo de extens├úo "GetByIdAsync" que aceite um primeiro argumento do tipo ÔÇÿICategoryRepositoryÔÇÖ (voc├¬ est├í se esquecendo de usar uma diretiva ou uma refer├¬ncia de assembly?) [C:\dev\Projetos_pessoais\family-finance\Application.Tests\Application.Tests.csproj]
C:\dev\Projetos_pessoais\family-finance\Application.Tests\Categories\UseCases\CreateCategory\CreateCategoryHandlerTests.cs(91,46): error CS1061: ÔÇÿICategoryRepositoryÔÇÖ n├úo cont├®m uma defini├º├úo para "GetByIdAsync" e n├úo foi poss├¡vel encontrar nenhum m├®todo de extens├úo "GetByIdAsync" que aceite um primeiro argumento do tipo ÔÇÿICategoryRepositoryÔÇÖ (voc├¬ est├í se esquecendo de usar uma diretiva ou uma refer├¬ncia de assembly?) [C:\dev\Projetos_pessoais\family-finance\Application.Tests\Application.Tests.csproj]

FALHA da compila├º├úo.

C:\dev\Projetos_pessoais\family-finance\Application.Tests\Categories\UseCases\CreateCategory\CreateCategoryValidatorTests.cs(15,27): error CS7036: N├úo h├í nenhum argumento fornecido que corresponda ao par├ómetro necess├írio 'FamilyId' de 'CreateCategoryCommand.CreateCategoryCommand(string, CategoryType, Guid, Guid?)' [C:\dev\Projetos_pessoais\family-finance\Application.Tests\Application.Tests.csproj]
C:\dev\Projetos_pessoais\family-finance\Application.Tests\Categories\UseCases\CreateCategory\CreateCategoryValidatorTests.cs(23,27): error CS7036: N├úo h├í nenhum argumento fornecido que corresponda ao par├ómetro necess├írio 'FamilyId' de 'CreateCategoryCommand.CreateCategoryCommand(string, CategoryType, Guid, Guid?)' [C:\dev\Projetos_pessoais\family-finance\Application.Tests\Application.Tests.csproj]
C:\dev\Projetos_pessoais\family-finance\Application.Tests\Categories\UseCases\CreateCategory\CreateCategoryValidatorTests.cs(31,27): error CS7036: N├úo h├í nenhum argumento fornecido que corresponda ao par├ómetro necess├írio 'FamilyId' de 'CreateCategoryCommand.CreateCategoryCommand(string, CategoryType, Guid, Guid?)' [C:\dev\Projetos_pessoais\family-finance\Application.Tests\Application.Tests.csproj]
C:\dev\Projetos_pessoais\family-finance\Application.Tests\Categories\UseCases\DeleteCategory\DeleteCategoryHandlerTests.cs(45,46): error CS1061: ÔÇÿICategoryRepositoryÔÇÖ n├úo cont├®m uma defini├º├úo para "GetByIdAsync" e n├úo foi poss├¡vel encontrar nenhum m├®todo de extens├úo "GetByIdAsync" que aceite um primeiro argumento do tipo ÔÇÿICategoryRepositoryÔÇÖ (voc├¬ est├í se esquecendo de usar uma diretiva ou uma refer├¬ncia de assembly?) [C:\dev\Projetos_pessoais\family-finance\Application.Tests\Application.Tests.csproj]
C:\dev\Projetos_pessoais\family-finance\Application.Tests\Categories\UseCases\CreateCategory\CreateCategoryHandlerTests.cs(25,24): error CS1729: "CreateCategoryHandler" n├úo cont├®m um construtor que aceita 3 argumentos [C:\dev\Projetos_pessoais\family-finance\Application.Tests\Application.Tests.csproj]
C:\dev\Projetos_pessoais\family-finance\Application.Tests\Categories\UseCases\GetCategories\GetCategoriesHandlerTests.cs(39,17): error CS7036: N├úo h├í nenhum argumento fornecido que corresponda ao par├ómetro necess├írio 'familyId' de 'Category.Category(string, CategoryType, Guid, Guid?)' [C:\dev\Projetos_pessoais\family-finance\Application.Tests\Application.Tests.csproj]
C:\dev\Projetos_pessoais\family-finance\Application.Tests\Categories\UseCases\UpdateCategory\UpdateCategoryHandlerTests.cs(48,46): error CS1061: ÔÇÿICategoryRepositoryÔÇÖ n├úo cont├®m uma defini├º├úo para "GetByIdAsync" e n├úo foi poss├¡vel encontrar nenhum m├®todo de extens├úo "GetByIdAsync" que aceite um primeiro argumento do tipo ÔÇÿICategoryRepositoryÔÇÖ (voc├¬ est├í se esquecendo de usar uma diretiva ou uma refer├¬ncia de assembly?) [C:\dev\Projetos_pessoais\family-finance\Application.Tests\Application.Tests.csproj]
C:\dev\Projetos_pessoais\family-finance\Application.Tests\Categories\UseCases\CreateCategory\CreateCategoryHandlerTests.cs(37,27): error CS7036: N├úo h├í nenhum argumento fornecido que corresponda ao par├ómetro necess├írio 'FamilyId' de 'CreateCategoryCommand.CreateCategoryCommand(string, CategoryType, Guid, Guid?)' [C:\dev\Projetos_pessoais\family-finance\Application.Tests\Application.Tests.csproj]
C:\dev\Projetos_pessoais\family-finance\Application.Tests\Categories\UseCases\UpdateCategory\UpdateCategoryHandlerTests.cs(67,78): error CS1503: Argumento 3: n├úo ├® poss├¡vel converter de "<nulo>" para "System.Guid" [C:\dev\Projetos_pessoais\family-finance\Application.Tests\Application.Tests.csproj]
C:\dev\Projetos_pessoais\family-finance\Application.Tests\Categories\UseCases\UpdateCategory\UpdateCategoryHandlerTests.cs(74,46): error CS1061: ÔÇÿICategoryRepositoryÔÇÖ n├úo cont├®m uma defini├º├úo para "GetByIdAsync" e n├úo foi poss├¡vel encontrar nenhum m├®todo de extens├úo "GetByIdAsync" que aceite um primeiro argumento do tipo ÔÇÿICategoryRepositoryÔÇÖ (voc├¬ est├í se esquecendo de usar uma diretiva ou uma refer├¬ncia de assembly?) [C:\dev\Projetos_pessoais\family-finance\Application.Tests\Application.Tests.csproj]
C:\dev\Projetos_pessoais\family-finance\Application.Tests\Categories\UseCases\DeleteCategory\DeleteCategoryHandlerTests.cs(73,46): error CS1061: ÔÇÿICategoryRepositoryÔÇÖ n├úo cont├®m uma defini├º├úo para "GetByIdAsync" e n├úo foi poss├¡vel encontrar nenhum m├®todo de extens├úo "GetByIdAsync" que aceite um primeiro argumento do tipo ÔÇÿICategoryRepositoryÔÇÖ (voc├¬ est├í se esquecendo de usar uma diretiva ou uma refer├¬ncia de assembly?) [C:\dev\Projetos_pessoais\family-finance\Application.Tests\Application.Tests.csproj]
C:\dev\Projetos_pessoais\family-finance\Application.Tests\Categories\UseCases\CreateCategory\CreateCategoryHandlerTests.cs(66,46): error CS1061: ÔÇÿICategoryRepositoryÔÇÖ n├úo cont├®m uma defini├º├úo para "GetByIdAsync" e n├úo foi poss├¡vel encontrar nenhum m├®todo de extens├úo "GetByIdAsync" que aceite um primeiro argumento do tipo ÔÇÿICategoryRepositoryÔÇÖ (voc├¬ est├í se esquecendo de usar uma diretiva ou uma refer├¬ncia de assembly?) [C:\dev\Projetos_pessoais\family-finance\Application.Tests\Application.Tests.csproj]
C:\dev\Projetos_pessoais\family-finance\Application.Tests\Categories\UseCases\CreateCategory\CreateCategoryHandlerTests.cs(91,46): error CS1061: ÔÇÿICategoryRepositoryÔÇÖ n├úo cont├®m uma defini├º├úo para "GetByIdAsync" e n├úo foi poss├¡vel encontrar nenhum m├®todo de extens├úo "GetByIdAsync" que aceite um primeiro argumento do tipo ÔÇÿICategoryRepositoryÔÇÖ (voc├¬ est├í se esquecendo de usar uma diretiva ou uma refer├¬ncia de assembly?) [C:\dev\Projetos_pessoais\family-finance\Application.Tests\Application.Tests.csproj]
    0 Aviso(s)
    13 Erro(s)

Tempo Decorrido 00:00:01.61
